Archive member included because of file (symbol)

c:/freescale/kds_3.0.0/toolchain/bin/../lib/gcc/arm-none-eabi/4.8.4/../../../../arm-none-eabi/lib/armv7e-m\libg_s.a(lib_a-exit.o)
                              c:/freescale/kds_3.0.0/toolchain/bin/../lib/gcc/arm-none-eabi/4.8.4/../../../../arm-none-eabi/lib/armv7e-m/crt0.o (exit)
c:/freescale/kds_3.0.0/toolchain/bin/../lib/gcc/arm-none-eabi/4.8.4/../../../../arm-none-eabi/lib/armv7e-m\libg_s.a(lib_a-impure.o)
                              c:/freescale/kds_3.0.0/toolchain/bin/../lib/gcc/arm-none-eabi/4.8.4/../../../../arm-none-eabi/lib/armv7e-m\libg_s.a(lib_a-exit.o) (_global_impure_ptr)
c:/freescale/kds_3.0.0/toolchain/bin/../lib/gcc/arm-none-eabi/4.8.4/../../../../arm-none-eabi/lib/armv7e-m\libg_s.a(lib_a-init.o)
                              c:/freescale/kds_3.0.0/toolchain/bin/../lib/gcc/arm-none-eabi/4.8.4/../../../../arm-none-eabi/lib/armv7e-m/crt0.o (__libc_init_array)
c:/freescale/kds_3.0.0/toolchain/bin/../lib/gcc/arm-none-eabi/4.8.4/../../../../arm-none-eabi/lib/armv7e-m\libg_s.a(lib_a-malloc.o)
                              ./Sources/main.o (malloc)
c:/freescale/kds_3.0.0/toolchain/bin/../lib/gcc/arm-none-eabi/4.8.4/../../../../arm-none-eabi/lib/armv7e-m\libg_s.a(lib_a-memset.o)
                              c:/freescale/kds_3.0.0/toolchain/bin/../lib/gcc/arm-none-eabi/4.8.4/../../../../arm-none-eabi/lib/armv7e-m/crt0.o (memset)
c:/freescale/kds_3.0.0/toolchain/bin/../lib/gcc/arm-none-eabi/4.8.4/../../../../arm-none-eabi/lib/armv7e-m\libg_s.a(lib_a-nano-freer.o)
                              c:/freescale/kds_3.0.0/toolchain/bin/../lib/gcc/arm-none-eabi/4.8.4/../../../../arm-none-eabi/lib/armv7e-m\libg_s.a(lib_a-malloc.o) (_free_r)
c:/freescale/kds_3.0.0/toolchain/bin/../lib/gcc/arm-none-eabi/4.8.4/../../../../arm-none-eabi/lib/armv7e-m\libg_s.a(lib_a-nano-mallocr.o)
                              c:/freescale/kds_3.0.0/toolchain/bin/../lib/gcc/arm-none-eabi/4.8.4/../../../../arm-none-eabi/lib/armv7e-m\libg_s.a(lib_a-malloc.o) (_malloc_r)
c:/freescale/kds_3.0.0/toolchain/bin/../lib/gcc/arm-none-eabi/4.8.4/../../../../arm-none-eabi/lib/armv7e-m\libg_s.a(lib_a-sbrkr.o)
                              c:/freescale/kds_3.0.0/toolchain/bin/../lib/gcc/arm-none-eabi/4.8.4/../../../../arm-none-eabi/lib/armv7e-m\libg_s.a(lib_a-nano-mallocr.o) (_sbrk_r)
c:/freescale/kds_3.0.0/toolchain/bin/../lib/gcc/arm-none-eabi/4.8.4/../../../../arm-none-eabi/lib/armv7e-m\libg_s.a(lib_a-strcpy.o)
                              ./Sources/main.o (strcpy)
c:/freescale/kds_3.0.0/toolchain/bin/../lib/gcc/arm-none-eabi/4.8.4/../../../../arm-none-eabi/lib/armv7e-m\libg_s.a(lib_a-reent.o)
                              c:/freescale/kds_3.0.0/toolchain/bin/../lib/gcc/arm-none-eabi/4.8.4/../../../../arm-none-eabi/lib/armv7e-m\libg_s.a(lib_a-sbrkr.o) (errno)
c:/freescale/kds_3.0.0/toolchain/bin/../lib/gcc/arm-none-eabi/4.8.4/../../../../arm-none-eabi/lib/armv7e-m\libnosys.a(sbrk.o)
                              c:/freescale/kds_3.0.0/toolchain/bin/../lib/gcc/arm-none-eabi/4.8.4/../../../../arm-none-eabi/lib/armv7e-m\libg_s.a(lib_a-sbrkr.o) (_sbrk)
c:/freescale/kds_3.0.0/toolchain/bin/../lib/gcc/arm-none-eabi/4.8.4/../../../../arm-none-eabi/lib/armv7e-m\libnosys.a(_exit.o)
                              c:/freescale/kds_3.0.0/toolchain/bin/../lib/gcc/arm-none-eabi/4.8.4/../../../../arm-none-eabi/lib/armv7e-m\libg_s.a(lib_a-exit.o) (_exit)

Allocating common symbols
Common symbol       size              file

errno               0x4               c:/freescale/kds_3.0.0/toolchain/bin/../lib/gcc/arm-none-eabi/4.8.4/../../../../arm-none-eabi/lib/armv7e-m\libg_s.a(lib_a-reent.o)

Discarded input sections

 .text          0x00000000        0x0 c:/freescale/kds_3.0.0/toolchain/bin/../lib/gcc/arm-none-eabi/4.8.4/armv7e-m/crti.o
 .data          0x00000000        0x0 c:/freescale/kds_3.0.0/toolchain/bin/../lib/gcc/arm-none-eabi/4.8.4/armv7e-m/crti.o
 .bss           0x00000000        0x0 c:/freescale/kds_3.0.0/toolchain/bin/../lib/gcc/arm-none-eabi/4.8.4/armv7e-m/crti.o
 .data          0x00000000        0x4 c:/freescale/kds_3.0.0/toolchain/bin/../lib/gcc/arm-none-eabi/4.8.4/armv7e-m/crtbegin.o
 .data          0x00000000        0x0 c:/freescale/kds_3.0.0/toolchain/bin/../lib/gcc/arm-none-eabi/4.8.4/../../../../arm-none-eabi/lib/armv7e-m/crt0.o
 .bss           0x00000000        0x0 c:/freescale/kds_3.0.0/toolchain/bin/../lib/gcc/arm-none-eabi/4.8.4/../../../../arm-none-eabi/lib/armv7e-m/crt0.o
 .ARM.extab     0x00000000        0x0 c:/freescale/kds_3.0.0/toolchain/bin/../lib/gcc/arm-none-eabi/4.8.4/../../../../arm-none-eabi/lib/armv7e-m/crt0.o
 .group         0x00000000        0x8 ./Sources/main.o
 .group         0x00000000        0x8 ./Sources/main.o
 .group         0x00000000        0x8 ./Sources/main.o
 .group         0x00000000        0x8 ./Sources/main.o
 .group         0x00000000        0x8 ./Sources/main.o
 .group         0x00000000        0x8 ./Sources/main.o
 .group         0x00000000        0x8 ./Sources/main.o
 .group         0x00000000        0x8 ./Sources/main.o
 .group         0x00000000        0x8 ./Sources/main.o
 .group         0x00000000        0x8 ./Sources/main.o
 .group         0x00000000        0x8 ./Sources/main.o
 .group         0x00000000        0x8 ./Sources/main.o
 .group         0x00000000        0x8 ./Sources/main.o
 .group         0x00000000        0x8 ./Sources/main.o
 .group         0x00000000        0x8 ./Sources/main.o
 .group         0x00000000        0x8 ./Sources/main.o
 .group         0x00000000        0x8 ./Sources/main.o
 .group         0x00000000        0x8 ./Sources/main.o
 .group         0x00000000        0x8 ./Sources/main.o
 .group         0x00000000        0x8 ./Sources/main.o
 .group         0x00000000        0x8 ./Sources/main.o
 .group         0x00000000        0x8 ./Sources/main.o
 .group         0x00000000        0x8 ./Sources/main.o
 .group         0x00000000        0x8 ./Sources/main.o
 .group         0x00000000        0x8 ./Sources/main.o
 .group         0x00000000        0x8 ./Sources/main.o
 .group         0x00000000        0x8 ./Sources/main.o
 .text          0x00000000        0x0 ./Sources/main.o
 .data          0x00000000        0x0 ./Sources/main.o
 .bss           0x00000000        0x0 ./Sources/main.o
 .data          0x00000000        0x0 ./Project_Settings/Startup_Code/startup_MK60D10.o
 .bss           0x00000000        0x0 ./Project_Settings/Startup_Code/startup_MK60D10.o
 .group         0x00000000        0x8 ./Project_Settings/Startup_Code/system_MK60D10.o
 .group         0x00000000        0x8 ./Project_Settings/Startup_Code/system_MK60D10.o
 .group         0x00000000        0x8 ./Project_Settings/Startup_Code/system_MK60D10.o
 .group         0x00000000        0x8 ./Project_Settings/Startup_Code/system_MK60D10.o
 .group         0x00000000        0x8 ./Project_Settings/Startup_Code/system_MK60D10.o
 .group         0x00000000        0x8 ./Project_Settings/Startup_Code/system_MK60D10.o
 .group         0x00000000        0x8 ./Project_Settings/Startup_Code/system_MK60D10.o
 .group         0x00000000        0x8 ./Project_Settings/Startup_Code/system_MK60D10.o
 .group         0x00000000        0x8 ./Project_Settings/Startup_Code/system_MK60D10.o
 .group         0x00000000        0x8 ./Project_Settings/Startup_Code/system_MK60D10.o
 .group         0x00000000        0x8 ./Project_Settings/Startup_Code/system_MK60D10.o
 .text          0x00000000        0x0 ./Project_Settings/Startup_Code/system_MK60D10.o
 .data          0x00000000        0x0 ./Project_Settings/Startup_Code/system_MK60D10.o
 .bss           0x00000000        0x0 ./Project_Settings/Startup_Code/system_MK60D10.o
 .data.SystemCoreClock
                0x00000000        0x4 ./Project_Settings/Startup_Code/system_MK60D10.o
 .text.SystemCoreClockUpdate
                0x00000000      0x250 ./Project_Settings/Startup_Code/system_MK60D10.o
 .debug_macro   0x00000000      0x84a ./Project_Settings/Startup_Code/system_MK60D10.o
 .debug_macro   0x00000000       0x16 ./Project_Settings/Startup_Code/system_MK60D10.o
 .debug_macro   0x00000000       0x44 ./Project_Settings/Startup_Code/system_MK60D10.o
 .debug_macro   0x00000000      0x209 ./Project_Settings/Startup_Code/system_MK60D10.o
 .debug_macro   0x00000000       0x3b ./Project_Settings/Startup_Code/system_MK60D10.o
 .debug_macro   0x00000000       0x2d ./Project_Settings/Startup_Code/system_MK60D10.o
 .debug_macro   0x00000000       0x26 ./Project_Settings/Startup_Code/system_MK60D10.o
 .debug_macro   0x00000000      0xa99 ./Project_Settings/Startup_Code/system_MK60D10.o
 .debug_macro   0x00000000       0x71 ./Project_Settings/Startup_Code/system_MK60D10.o
 .debug_macro   0x00000000    0x17cf8 ./Project_Settings/Startup_Code/system_MK60D10.o
 .text          0x00000000        0x0 c:/freescale/kds_3.0.0/toolchain/bin/../lib/gcc/arm-none-eabi/4.8.4/../../../../arm-none-eabi/lib/armv7e-m\libg_s.a(lib_a-exit.o)
 .data          0x00000000        0x0 c:/freescale/kds_3.0.0/toolchain/bin/../lib/gcc/arm-none-eabi/4.8.4/../../../../arm-none-eabi/lib/armv7e-m\libg_s.a(lib_a-exit.o)
 .bss           0x00000000        0x0 c:/freescale/kds_3.0.0/toolchain/bin/../lib/gcc/arm-none-eabi/4.8.4/../../../../arm-none-eabi/lib/armv7e-m\libg_s.a(lib_a-exit.o)
 .text          0x00000000        0x0 c:/freescale/kds_3.0.0/toolchain/bin/../lib/gcc/arm-none-eabi/4.8.4/../../../../arm-none-eabi/lib/armv7e-m\libg_s.a(lib_a-impure.o)
 .data          0x00000000        0x0 c:/freescale/kds_3.0.0/toolchain/bin/../lib/gcc/arm-none-eabi/4.8.4/../../../../arm-none-eabi/lib/armv7e-m\libg_s.a(lib_a-impure.o)
 .bss           0x00000000        0x0 c:/freescale/kds_3.0.0/toolchain/bin/../lib/gcc/arm-none-eabi/4.8.4/../../../../arm-none-eabi/lib/armv7e-m\libg_s.a(lib_a-impure.o)
 .text          0x00000000        0x0 c:/freescale/kds_3.0.0/toolchain/bin/../lib/gcc/arm-none-eabi/4.8.4/../../../../arm-none-eabi/lib/armv7e-m\libg_s.a(lib_a-init.o)
 .data          0x00000000        0x0 c:/freescale/kds_3.0.0/toolchain/bin/../lib/gcc/arm-none-eabi/4.8.4/../../../../arm-none-eabi/lib/armv7e-m\libg_s.a(lib_a-init.o)
 .bss           0x00000000        0x0 c:/freescale/kds_3.0.0/toolchain/bin/../lib/gcc/arm-none-eabi/4.8.4/../../../../arm-none-eabi/lib/armv7e-m\libg_s.a(lib_a-init.o)
 .text          0x00000000        0x0 c:/freescale/kds_3.0.0/toolchain/bin/../lib/gcc/arm-none-eabi/4.8.4/../../../../arm-none-eabi/lib/armv7e-m\libg_s.a(lib_a-malloc.o)
 .data          0x00000000        0x0 c:/freescale/kds_3.0.0/toolchain/bin/../lib/gcc/arm-none-eabi/4.8.4/../../../../arm-none-eabi/lib/armv7e-m\libg_s.a(lib_a-malloc.o)
 .bss           0x00000000        0x0 c:/freescale/kds_3.0.0/toolchain/bin/../lib/gcc/arm-none-eabi/4.8.4/../../../../arm-none-eabi/lib/armv7e-m\libg_s.a(lib_a-malloc.o)
 .text.free     0x00000000       0x10 c:/freescale/kds_3.0.0/toolchain/bin/../lib/gcc/arm-none-eabi/4.8.4/../../../../arm-none-eabi/lib/armv7e-m\libg_s.a(lib_a-malloc.o)
 .text          0x00000000        0x0 c:/freescale/kds_3.0.0/toolchain/bin/../lib/gcc/arm-none-eabi/4.8.4/../../../../arm-none-eabi/lib/armv7e-m\libg_s.a(lib_a-memset.o)
 .data          0x00000000        0x0 c:/freescale/kds_3.0.0/toolchain/bin/../lib/gcc/arm-none-eabi/4.8.4/../../../../arm-none-eabi/lib/armv7e-m\libg_s.a(lib_a-memset.o)
 .bss           0x00000000        0x0 c:/freescale/kds_3.0.0/toolchain/bin/../lib/gcc/arm-none-eabi/4.8.4/../../../../arm-none-eabi/lib/armv7e-m\libg_s.a(lib_a-memset.o)
 .text          0x00000000        0x0 c:/freescale/kds_3.0.0/toolchain/bin/../lib/gcc/arm-none-eabi/4.8.4/../../../../arm-none-eabi/lib/armv7e-m\libg_s.a(lib_a-nano-freer.o)
 .data          0x00000000        0x0 c:/freescale/kds_3.0.0/toolchain/bin/../lib/gcc/arm-none-eabi/4.8.4/../../../../arm-none-eabi/lib/armv7e-m\libg_s.a(lib_a-nano-freer.o)
 .bss           0x00000000        0x0 c:/freescale/kds_3.0.0/toolchain/bin/../lib/gcc/arm-none-eabi/4.8.4/../../../../arm-none-eabi/lib/armv7e-m\libg_s.a(lib_a-nano-freer.o)
 .text._free_r  0x00000000       0x88 c:/freescale/kds_3.0.0/toolchain/bin/../lib/gcc/arm-none-eabi/4.8.4/../../../../arm-none-eabi/lib/armv7e-m\libg_s.a(lib_a-nano-freer.o)
 .ARM.attributes
                0x00000000       0x2e c:/freescale/kds_3.0.0/toolchain/bin/../lib/gcc/arm-none-eabi/4.8.4/../../../../arm-none-eabi/lib/armv7e-m\libg_s.a(lib_a-nano-freer.o)
 .debug_frame   0x00000000       0x2c c:/freescale/kds_3.0.0/toolchain/bin/../lib/gcc/arm-none-eabi/4.8.4/../../../../arm-none-eabi/lib/armv7e-m\libg_s.a(lib_a-nano-freer.o)
 .text          0x00000000        0x0 c:/freescale/kds_3.0.0/toolchain/bin/../lib/gcc/arm-none-eabi/4.8.4/../../../../arm-none-eabi/lib/armv7e-m\libg_s.a(lib_a-nano-mallocr.o)
 .data          0x00000000        0x0 c:/freescale/kds_3.0.0/toolchain/bin/../lib/gcc/arm-none-eabi/4.8.4/../../../../arm-none-eabi/lib/armv7e-m\libg_s.a(lib_a-nano-mallocr.o)
 .bss           0x00000000        0x0 c:/freescale/kds_3.0.0/toolchain/bin/../lib/gcc/arm-none-eabi/4.8.4/../../../../arm-none-eabi/lib/armv7e-m\libg_s.a(lib_a-nano-mallocr.o)
 .text          0x00000000        0x0 c:/freescale/kds_3.0.0/toolchain/bin/../lib/gcc/arm-none-eabi/4.8.4/../../../../arm-none-eabi/lib/armv7e-m\libg_s.a(lib_a-sbrkr.o)
 .data          0x00000000        0x0 c:/freescale/kds_3.0.0/toolchain/bin/../lib/gcc/arm-none-eabi/4.8.4/../../../../arm-none-eabi/lib/armv7e-m\libg_s.a(lib_a-sbrkr.o)
 .bss           0x00000000        0x0 c:/freescale/kds_3.0.0/toolchain/bin/../lib/gcc/arm-none-eabi/4.8.4/../../../../arm-none-eabi/lib/armv7e-m\libg_s.a(lib_a-sbrkr.o)
 .text          0x00000000        0x0 c:/freescale/kds_3.0.0/toolchain/bin/../lib/gcc/arm-none-eabi/4.8.4/../../../../arm-none-eabi/lib/armv7e-m\libg_s.a(lib_a-strcpy.o)
 .data          0x00000000        0x0 c:/freescale/kds_3.0.0/toolchain/bin/../lib/gcc/arm-none-eabi/4.8.4/../../../../arm-none-eabi/lib/armv7e-m\libg_s.a(lib_a-strcpy.o)
 .bss           0x00000000        0x0 c:/freescale/kds_3.0.0/toolchain/bin/../lib/gcc/arm-none-eabi/4.8.4/../../../../arm-none-eabi/lib/armv7e-m\libg_s.a(lib_a-strcpy.o)
 .text          0x00000000        0x0 c:/freescale/kds_3.0.0/toolchain/bin/../lib/gcc/arm-none-eabi/4.8.4/../../../../arm-none-eabi/lib/armv7e-m\libg_s.a(lib_a-reent.o)
 .data          0x00000000        0x0 c:/freescale/kds_3.0.0/toolchain/bin/../lib/gcc/arm-none-eabi/4.8.4/../../../../arm-none-eabi/lib/armv7e-m\libg_s.a(lib_a-reent.o)
 .bss           0x00000000        0x0 c:/freescale/kds_3.0.0/toolchain/bin/../lib/gcc/arm-none-eabi/4.8.4/../../../../arm-none-eabi/lib/armv7e-m\libg_s.a(lib_a-reent.o)
 .text.cleanup_glue
                0x00000000       0x1a c:/freescale/kds_3.0.0/toolchain/bin/../lib/gcc/arm-none-eabi/4.8.4/../../../../arm-none-eabi/lib/armv7e-m\libg_s.a(lib_a-reent.o)
 .text._reclaim_reent
                0x00000000       0xbc c:/freescale/kds_3.0.0/toolchain/bin/../lib/gcc/arm-none-eabi/4.8.4/../../../../arm-none-eabi/lib/armv7e-m\libg_s.a(lib_a-reent.o)
 .text          0x00000000        0x0 c:/freescale/kds_3.0.0/toolchain/bin/../lib/gcc/arm-none-eabi/4.8.4/../../../../arm-none-eabi/lib/armv7e-m\libnosys.a(sbrk.o)
 .data          0x00000000        0x0 c:/freescale/kds_3.0.0/toolchain/bin/../lib/gcc/arm-none-eabi/4.8.4/../../../../arm-none-eabi/lib/armv7e-m\libnosys.a(sbrk.o)
 .bss           0x00000000        0x0 c:/freescale/kds_3.0.0/toolchain/bin/../lib/gcc/arm-none-eabi/4.8.4/../../../../arm-none-eabi/lib/armv7e-m\libnosys.a(sbrk.o)
 .text          0x00000000        0x0 c:/freescale/kds_3.0.0/toolchain/bin/../lib/gcc/arm-none-eabi/4.8.4/../../../../arm-none-eabi/lib/armv7e-m\libnosys.a(_exit.o)
 .data          0x00000000        0x0 c:/freescale/kds_3.0.0/toolchain/bin/../lib/gcc/arm-none-eabi/4.8.4/../../../../arm-none-eabi/lib/armv7e-m\libnosys.a(_exit.o)
 .bss           0x00000000        0x0 c:/freescale/kds_3.0.0/toolchain/bin/../lib/gcc/arm-none-eabi/4.8.4/../../../../arm-none-eabi/lib/armv7e-m\libnosys.a(_exit.o)
 .text          0x00000000        0x0 c:/freescale/kds_3.0.0/toolchain/bin/../lib/gcc/arm-none-eabi/4.8.4/armv7e-m/crtend.o
 .data          0x00000000        0x0 c:/freescale/kds_3.0.0/toolchain/bin/../lib/gcc/arm-none-eabi/4.8.4/armv7e-m/crtend.o
 .bss           0x00000000        0x0 c:/freescale/kds_3.0.0/toolchain/bin/../lib/gcc/arm-none-eabi/4.8.4/armv7e-m/crtend.o
 .eh_frame      0x00000000        0x4 c:/freescale/kds_3.0.0/toolchain/bin/../lib/gcc/arm-none-eabi/4.8.4/armv7e-m/crtend.o
 .text          0x00000000        0x0 c:/freescale/kds_3.0.0/toolchain/bin/../lib/gcc/arm-none-eabi/4.8.4/armv7e-m/crtn.o
 .data          0x00000000        0x0 c:/freescale/kds_3.0.0/toolchain/bin/../lib/gcc/arm-none-eabi/4.8.4/armv7e-m/crtn.o
 .bss           0x00000000        0x0 c:/freescale/kds_3.0.0/toolchain/bin/../lib/gcc/arm-none-eabi/4.8.4/armv7e-m/crtn.o

Memory Configuration

Name             Origin             Length             Attributes
m_interrupts     0x00000000         0x00000400         xr
m_flash_config   0x00000400         0x00000010         xr
m_text           0x00000410         0x0007fbf0         xr
m_data           0x1fff0000         0x00010000         rw
m_data_2         0x20000000         0x00010000         rw
*default*        0x00000000         0xffffffff

Linker script and memory map

LOAD c:/freescale/kds_3.0.0/toolchain/bin/../lib/gcc/arm-none-eabi/4.8.4/armv7e-m/crti.o
LOAD c:/freescale/kds_3.0.0/toolchain/bin/../lib/gcc/arm-none-eabi/4.8.4/armv7e-m/crtbegin.o
LOAD c:/freescale/kds_3.0.0/toolchain/bin/../lib/gcc/arm-none-eabi/4.8.4/../../../../arm-none-eabi/lib/armv7e-m/crt0.o
LOAD ./Sources/main.o
LOAD ./Project_Settings/Startup_Code/startup_MK60D10.o
LOAD ./Project_Settings/Startup_Code/system_MK60D10.o
LOAD c:/freescale/kds_3.0.0/toolchain/bin/../lib/gcc/arm-none-eabi/4.8.4/../../../../arm-none-eabi/lib/armv7e-m\libstdc++_s.a
LOAD c:/freescale/kds_3.0.0/toolchain/bin/../lib/gcc/arm-none-eabi/4.8.4/../../../../arm-none-eabi/lib/armv7e-m\libm.a
START GROUP
LOAD c:/freescale/kds_3.0.0/toolchain/bin/../lib/gcc/arm-none-eabi/4.8.4/armv7e-m\libgcc.a
LOAD c:/freescale/kds_3.0.0/toolchain/bin/../lib/gcc/arm-none-eabi/4.8.4/../../../../arm-none-eabi/lib/armv7e-m\libg_s.a
LOAD c:/freescale/kds_3.0.0/toolchain/bin/../lib/gcc/arm-none-eabi/4.8.4/../../../../arm-none-eabi/lib/armv7e-m\libc_s.a
END GROUP
START GROUP
LOAD c:/freescale/kds_3.0.0/toolchain/bin/../lib/gcc/arm-none-eabi/4.8.4/armv7e-m\libgcc.a
LOAD c:/freescale/kds_3.0.0/toolchain/bin/../lib/gcc/arm-none-eabi/4.8.4/../../../../arm-none-eabi/lib/armv7e-m\libc_s.a
LOAD c:/freescale/kds_3.0.0/toolchain/bin/../lib/gcc/arm-none-eabi/4.8.4/../../../../arm-none-eabi/lib/armv7e-m\libnosys.a
END GROUP
START GROUP
LOAD c:/freescale/kds_3.0.0/toolchain/bin/../lib/gcc/arm-none-eabi/4.8.4/armv7e-m\libgcc.a
LOAD c:/freescale/kds_3.0.0/toolchain/bin/../lib/gcc/arm-none-eabi/4.8.4/../../../../arm-none-eabi/lib/armv7e-m\libc_s.a
LOAD c:/freescale/kds_3.0.0/toolchain/bin/../lib/gcc/arm-none-eabi/4.8.4/../../../../arm-none-eabi/lib/armv7e-m\libnosys.a
END GROUP
LOAD c:/freescale/kds_3.0.0/toolchain/bin/../lib/gcc/arm-none-eabi/4.8.4/armv7e-m/crtend.o
LOAD c:/freescale/kds_3.0.0/toolchain/bin/../lib/gcc/arm-none-eabi/4.8.4/armv7e-m/crtn.o
                0x00000400                HEAP_SIZE = DEFINED (__heap_size__)?__heap_size__:0x400
                0x00000400                STACK_SIZE = DEFINED (__stack_size__)?__stack_size__:0x400

.interrupts     0x00000000      0x400
                0x00000000                __VECTOR_TABLE = .
                0x00000000                . = ALIGN (0x4)
 *(.isr_vector)
 .isr_vector    0x00000000      0x400 ./Project_Settings/Startup_Code/startup_MK60D10.o
                0x00000000                __isr_vector
                0x00000400                . = ALIGN (0x4)

.flash_config   0x00000400       0x10
                0x00000400                . = ALIGN (0x4)
 *(.FlashConfig)
 .FlashConfig   0x00000400       0x10 ./Project_Settings/Startup_Code/startup_MK60D10.o
                0x00000410                . = ALIGN (0x4)

.text           0x00000410      0xa90
                0x00000410                . = ALIGN (0x4)
 *(.text)
 .text          0x00000410       0x54 c:/freescale/kds_3.0.0/toolchain/bin/../lib/gcc/arm-none-eabi/4.8.4/armv7e-m/crtbegin.o
 .text          0x00000464       0x74 c:/freescale/kds_3.0.0/toolchain/bin/../lib/gcc/arm-none-eabi/4.8.4/../../../../arm-none-eabi/lib/armv7e-m/crt0.o
                0x00000464                _start
                0x00000464                _mainCRTStartup
 .text          0x000004d8       0x30 ./Project_Settings/Startup_Code/startup_MK60D10.o
                0x000004d8                Reset_Handler
                0x00000504                Reserved111_IRQHandler
                0x00000504                DebugMon_Handler
                0x00000504                I2C0_IRQHandler
                0x00000504                HardFault_Handler
                0x00000504                CAN1_ORed_Message_buffer_IRQHandler
                0x00000504                SysTick_Handler
                0x00000504                UART3_RX_TX_IRQHandler
                0x00000504                Reserved114_IRQHandler
                0x00000504                PendSV_Handler
                0x00000504                NMI_Handler
                0x00000504                UART0_RX_TX_IRQHandler
                0x00000504                I2C1_IRQHandler
                0x00000504                DMA2_IRQHandler
                0x00000504                Reserved59_IRQHandler
                0x00000504                ENET_Error_IRQHandler
                0x00000504                CAN0_Tx_Warning_IRQHandler
                0x00000504                Reserved119_IRQHandler
                0x00000504                CAN0_ORed_Message_buffer_IRQHandler
                0x00000504                CMP2_IRQHandler
                0x00000504                LLWU_IRQHandler
                0x00000504                Reserved116_IRQHandler
                0x00000504                TSI0_IRQHandler
                0x00000504                ENET_Receive_IRQHandler
                0x00000504                ENET_1588_Timer_IRQHandler
                0x00000504                CAN1_Error_IRQHandler
                0x00000504                UART2_RX_TX_IRQHandler
                0x00000504                SWI_IRQHandler
                0x00000504                ADC0_IRQHandler
                0x00000504                UsageFault_Handler
                0x00000504                I2S0_Tx_IRQHandler
                0x00000504                CMT_IRQHandler
                0x00000504                UART4_RX_TX_IRQHandler
                0x00000504                SPI1_IRQHandler
                0x00000504                DefaultISR
                0x00000504                DMA9_IRQHandler
                0x00000504                DMA14_IRQHandler
                0x00000504                CMP1_IRQHandler
                0x00000504                PORTD_IRQHandler
                0x00000504                PORTB_IRQHandler
                0x00000504                UART4_ERR_IRQHandler
                0x00000504                ADC1_IRQHandler
                0x00000504                PIT2_IRQHandler
                0x00000504                I2S0_Rx_IRQHandler
                0x00000504                DMA5_IRQHandler
                0x00000504                RTC_IRQHandler
                0x00000504                PDB0_IRQHandler
                0x00000504                CAN1_Bus_Off_IRQHandler
                0x00000504                CAN0_Rx_Warning_IRQHandler
                0x00000504                FTM1_IRQHandler
                0x00000504                UART5_RX_TX_IRQHandler
                0x00000504                Reserved95_IRQHandler
                0x00000504                UART3_ERR_IRQHandler
                0x00000504                PIT3_IRQHandler
                0x00000504                SDHC_IRQHandler
                0x00000504                RTC_Seconds_IRQHandler
                0x00000504                MCG_IRQHandler
                0x00000504                Reserved108_IRQHandler
                0x00000504                Reserved117_IRQHandler
                0x00000504                UART2_ERR_IRQHandler
                0x00000504                DMA11_IRQHandler
                0x00000504                UART5_ERR_IRQHandler
                0x00000504                Read_Collision_IRQHandler
                0x00000504                DMA7_IRQHandler
                0x00000504                Reserved102_IRQHandler
                0x00000504                ENET_Transmit_IRQHandler
                0x00000504                USBDCD_IRQHandler
                0x00000504                CAN1_Tx_Warning_IRQHandler
                0x00000504                USB0_IRQHandler
                0x00000504                SPI2_IRQHandler
                0x00000504                WDOG_EWM_IRQHandler
                0x00000504                MemManage_Handler
                0x00000504                CAN1_Rx_Warning_IRQHandler
                0x00000504                Reserved115_IRQHandler
                0x00000504                SVC_Handler
                0x00000504                CAN1_Wake_Up_IRQHandler
                0x00000504                Reserved109_IRQHandler
                0x00000504                DMA13_IRQHandler
                0x00000504                DMA3_IRQHandler
                0x00000504                UART0_LON_IRQHandler
                0x00000504                RNG_IRQHandler
                0x00000504                DMA0_IRQHandler
                0x00000504                DMA15_IRQHandler
                0x00000504                DAC0_IRQHandler
                0x00000504                Reserved118_IRQHandler
                0x00000504                CAN0_Error_IRQHandler
                0x00000504                Reserved112_IRQHandler
                0x00000504                DMA4_IRQHandler
                0x00000504                UART0_ERR_IRQHandler
                0x00000504                DMA_Error_IRQHandler
                0x00000504                LVD_LVW_IRQHandler
                0x00000504                SPI0_IRQHandler
                0x00000504                FTM0_IRQHandler
                0x00000504                PORTA_IRQHandler
                0x00000504                DAC1_IRQHandler
                0x00000504                MCM_IRQHandler
                0x00000504                DMA12_IRQHandler
                0x00000504                FTFL_IRQHandler
                0x00000504                CAN0_Bus_Off_IRQHandler
                0x00000504                PORTE_IRQHandler
                0x00000504                FTM2_IRQHandler
                0x00000504                LPTMR0_IRQHandler
                0x00000504                BusFault_Handler
                0x00000504                DMA8_IRQHandler
                0x00000504                DMA10_IRQHandler
                0x00000504                CAN0_Wake_Up_IRQHandler
                0x00000504                UART1_ERR_IRQHandler
                0x00000504                UART1_RX_TX_IRQHandler
                0x00000504                CMP0_IRQHandler
                0x00000504                PORTC_IRQHandler
                0x00000504                DMA6_IRQHandler
                0x00000504                DMA1_IRQHandler
                0x00000504                Reserved113_IRQHandler
 *(.text*)
 .text.NVIC_EnableIRQ
                0x00000508       0x30 ./Sources/main.o
 .text.NVIC_ClearPendingIRQ
                0x00000538       0x34 ./Sources/main.o
 .text.SystemConfig
                0x0000056c      0x16c ./Sources/main.o
                0x0000056c                SystemConfig
 .text.enable_interrupts
                0x000006d8       0x20 ./Sources/main.o
                0x000006d8                enable_interrupts
 .text.actualize_values
                0x000006f8       0xcc ./Sources/main.o
                0x000006f8                actualize_values
 .text.column_select
                0x000007c4      0x120 ./Sources/main.o
                0x000007c4                column_select
 .text.activate_pin_on_specified_row
                0x000008e4       0x64 ./Sources/main.o
                0x000008e4                activate_pin_on_specified_row
 .text.disable_all_rows
                0x00000948       0x20 ./Sources/main.o
                0x00000948                disable_all_rows
 .text.get_char_set_index
                0x00000968       0x74 ./Sources/main.o
                0x00000968                get_char_set_index
 .text.PIT0_IRQHandler
                0x000009dc       0x80 ./Sources/main.o
                0x000009dc                PIT0_IRQHandler
 .text.PIT1_IRQHandler
                0x00000a5c       0x84 ./Sources/main.o
                0x00000a5c                PIT1_IRQHandler
 .text.clear_display
                0x00000ae0       0x3c ./Sources/main.o
                0x00000ae0                clear_display
 .text.set_message
                0x00000b1c       0xa0 ./Sources/main.o
                0x00000b1c                set_message
 .text.main     0x00000bbc       0xf8 ./Sources/main.o
                0x00000bbc                main
 .text.SystemInit
                0x00000cb4       0x28 ./Project_Settings/Startup_Code/system_MK60D10.o
                0x00000cb4                SystemInit
 .text.exit     0x00000cdc       0x28 c:/freescale/kds_3.0.0/toolchain/bin/../lib/gcc/arm-none-eabi/4.8.4/../../../../arm-none-eabi/lib/armv7e-m\libg_s.a(lib_a-exit.o)
                0x00000cdc                exit
 .text.__libc_init_array
                0x00000d04       0x4c c:/freescale/kds_3.0.0/toolchain/bin/../lib/gcc/arm-none-eabi/4.8.4/../../../../arm-none-eabi/lib/armv7e-m\libg_s.a(lib_a-init.o)
                0x00000d04                __libc_init_array
 .text.malloc   0x00000d50       0x10 c:/freescale/kds_3.0.0/toolchain/bin/../lib/gcc/arm-none-eabi/4.8.4/../../../../arm-none-eabi/lib/armv7e-m\libg_s.a(lib_a-malloc.o)
                0x00000d50                malloc
 .text.memset   0x00000d60       0x10 c:/freescale/kds_3.0.0/toolchain/bin/../lib/gcc/arm-none-eabi/4.8.4/../../../../arm-none-eabi/lib/armv7e-m\libg_s.a(lib_a-memset.o)
                0x00000d60                memset
 .text._malloc_r
                0x00000d70       0xa8 c:/freescale/kds_3.0.0/toolchain/bin/../lib/gcc/arm-none-eabi/4.8.4/../../../../arm-none-eabi/lib/armv7e-m\libg_s.a(lib_a-nano-mallocr.o)
                0x00000d70                _malloc_r
 .text._sbrk_r  0x00000e18       0x20 c:/freescale/kds_3.0.0/toolchain/bin/../lib/gcc/arm-none-eabi/4.8.4/../../../../arm-none-eabi/lib/armv7e-m\libg_s.a(lib_a-sbrkr.o)
                0x00000e18                _sbrk_r
 .text.strcpy   0x00000e38       0x10 c:/freescale/kds_3.0.0/toolchain/bin/../lib/gcc/arm-none-eabi/4.8.4/../../../../arm-none-eabi/lib/armv7e-m\libg_s.a(lib_a-strcpy.o)
                0x00000e38                strcpy
 .text._sbrk    0x00000e48       0x34 c:/freescale/kds_3.0.0/toolchain/bin/../lib/gcc/arm-none-eabi/4.8.4/../../../../arm-none-eabi/lib/armv7e-m\libnosys.a(sbrk.o)
                0x00000e48                _sbrk
 .text._exit    0x00000e7c        0x4 c:/freescale/kds_3.0.0/toolchain/bin/../lib/gcc/arm-none-eabi/4.8.4/../../../../arm-none-eabi/lib/armv7e-m\libnosys.a(_exit.o)
                0x00000e7c                _exit
 *(.rodata)
 *(.rodata*)
 .rodata.str1.1
                0x00000e80        0x2 c:/freescale/kds_3.0.0/toolchain/bin/../lib/gcc/arm-none-eabi/4.8.4/../../../../arm-none-eabi/lib/armv7e-m\libg_s.a(lib_a-impure.o)
 *fill*         0x00000e82        0x2 
 .rodata._global_impure_ptr
                0x00000e84        0x4 c:/freescale/kds_3.0.0/toolchain/bin/../lib/gcc/arm-none-eabi/4.8.4/../../../../arm-none-eabi/lib/armv7e-m\libg_s.a(lib_a-impure.o)
                0x00000e84                _global_impure_ptr
 *(.glue_7)
 .glue_7        0x00000000        0x0 linker stubs
 *(.glue_7t)
 .glue_7t       0x00000000        0x0 linker stubs
 *(.eh_frame)
 .eh_frame      0x00000e88        0x0 c:/freescale/kds_3.0.0/toolchain/bin/../lib/gcc/arm-none-eabi/4.8.4/armv7e-m/crtbegin.o
 *(.init)
 .init          0x00000e88        0x4 c:/freescale/kds_3.0.0/toolchain/bin/../lib/gcc/arm-none-eabi/4.8.4/armv7e-m/crti.o
                0x00000e88                _init
 .init          0x00000e8c        0x8 c:/freescale/kds_3.0.0/toolchain/bin/../lib/gcc/arm-none-eabi/4.8.4/armv7e-m/crtn.o
 *(.fini)
 .fini          0x00000e94        0x4 c:/freescale/kds_3.0.0/toolchain/bin/../lib/gcc/arm-none-eabi/4.8.4/armv7e-m/crti.o
                0x00000e94                _fini
 .fini          0x00000e98        0x8 c:/freescale/kds_3.0.0/toolchain/bin/../lib/gcc/arm-none-eabi/4.8.4/armv7e-m/crtn.o
                0x00000ea0                . = ALIGN (0x4)

.vfp11_veneer   0x00000ea0        0x0
 .vfp11_veneer  0x00000000        0x0 linker stubs

.v4_bx          0x00000ea0        0x0
 .v4_bx         0x00000000        0x0 linker stubs

.iplt           0x00000ea0        0x0
 .iplt          0x00000000        0x0 c:/freescale/kds_3.0.0/toolchain/bin/../lib/gcc/arm-none-eabi/4.8.4/armv7e-m/crtbegin.o

.ARM.extab
 *(.ARM.extab* .gnu.linkonce.armextab.*)

.ARM            0x00000ea0        0x8
                0x00000ea0                __exidx_start = .
 *(.ARM.exidx*)
 .ARM.exidx     0x00000ea0        0x8 c:/freescale/kds_3.0.0/toolchain/bin/../lib/gcc/arm-none-eabi/4.8.4/../../../../arm-none-eabi/lib/armv7e-m/crt0.o
                0x00000ea8                __exidx_end = .

.rel.dyn        0x00000ea8        0x0
 .rel.iplt      0x00000000        0x0 c:/freescale/kds_3.0.0/toolchain/bin/../lib/gcc/arm-none-eabi/4.8.4/armv7e-m/crtbegin.o

.ctors          0x00000ea8        0x0
                0x00000ea8                __CTOR_LIST__ = .
 *crtbegin.o(.ctors)
 *crtbegin?.o(.ctors)
 *(EXCLUDE_FILE(*crtend.o *crtend?.o) .ctors)
 *(SORT(.ctors.*))
 *(.ctors)
                0x00000ea8                __CTOR_END__ = .

.dtors          0x00000ea8        0x0
                0x00000ea8                __DTOR_LIST__ = .
 *crtbegin.o(.dtors)
 *crtbegin?.o(.dtors)
 *(EXCLUDE_FILE(*crtend.o *crtend?.o) .dtors)
 *(SORT(.dtors.*))
 *(.dtors)
                0x00000ea8                __DTOR_END__ = .

.preinit_array  0x00000ea8        0x0
                0x00000ea8                PROVIDE (__preinit_array_start, .)
 *(.preinit_array*)
                0x00000ea8                PROVIDE (__preinit_array_end, .)

.init_array     0x00000ea8        0x4
                0x00000ea8                PROVIDE (__init_array_start, .)
 *(SORT(.init_array.*))
 *(.init_array*)
 .init_array    0x00000ea8        0x4 c:/freescale/kds_3.0.0/toolchain/bin/../lib/gcc/arm-none-eabi/4.8.4/armv7e-m/crtbegin.o
                0x00000eac                PROVIDE (__init_array_end, .)

.fini_array     0x00000eac        0x4
                0x00000eac                PROVIDE (__fini_array_start, .)
 *(SORT(.fini_array.*))
 *(.fini_array*)
 .fini_array    0x00000eac        0x4 c:/freescale/kds_3.0.0/toolchain/bin/../lib/gcc/arm-none-eabi/4.8.4/armv7e-m/crtbegin.o
                0x00000eb0                PROVIDE (__fini_array_end, .)
                0x00000eb0                __etext = .
                0x00000eb0                __DATA_ROM = .

.data           0x1fff0000      0x59c load address 0x00000eb0
                0x1fff0000                . = ALIGN (0x4)
                0x1fff0000                __DATA_RAM = .
                0x1fff0000                __data_start__ = .
 *(.data)
 *(.data*)
 .data.char_set
                0x1fff0000       0x7c ./Sources/main.o
                0x1fff0000                char_set
 .data.messages
                0x1fff007c      0x4b0 ./Sources/main.o
                0x1fff007c                messages
 .data.row_pins
                0x1fff052c        0x8 ./Sources/main.o
                0x1fff052c                row_pins
 .data.impure_data
                0x1fff0534       0x60 c:/freescale/kds_3.0.0/toolchain/bin/../lib/gcc/arm-none-eabi/4.8.4/../../../../arm-none-eabi/lib/armv7e-m\libg_s.a(lib_a-impure.o)
 .data._impure_ptr
                0x1fff0594        0x4 c:/freescale/kds_3.0.0/toolchain/bin/../lib/gcc/arm-none-eabi/4.8.4/../../../../arm-none-eabi/lib/armv7e-m\libg_s.a(lib_a-impure.o)
                0x1fff0594                _impure_ptr
 *(.jcr*)
 .jcr           0x1fff0598        0x0 c:/freescale/kds_3.0.0/toolchain/bin/../lib/gcc/arm-none-eabi/4.8.4/armv7e-m/crtbegin.o
 .jcr           0x1fff0598        0x4 c:/freescale/kds_3.0.0/toolchain/bin/../lib/gcc/arm-none-eabi/4.8.4/armv7e-m/crtend.o
                0x1fff059c                . = ALIGN (0x4)
                0x1fff059c                __data_end__ = .
                0x0000144c                __DATA_END = (__DATA_ROM + (__data_end__ - __data_start__))

.igot.plt       0x1fff059c        0x0 load address 0x0000144c
 .igot.plt      0x00000000        0x0 c:/freescale/kds_3.0.0/toolchain/bin/../lib/gcc/arm-none-eabi/4.8.4/armv7e-m/crtbegin.o

.bss            0x1fff059c       0x34 load address 0x0000144c
                0x1fff059c                . = ALIGN (0x4)
                0x1fff059c                __START_BSS = .
                0x1fff059c                __bss_start__ = .
 *(.bss)
 .bss           0x1fff059c       0x1c c:/freescale/kds_3.0.0/toolchain/bin/../lib/gcc/arm-none-eabi/4.8.4/armv7e-m/crtbegin.o
 *(.bss*)
 .bss.display   0x1fff05b8        0x4 ./Sources/main.o
                0x1fff05b8                display
 .bss.message   0x1fff05bc        0x4 ./Sources/main.o
                0x1fff05bc                message
 .bss.__malloc_sbrk_start
                0x1fff05c0        0x4 c:/freescale/kds_3.0.0/toolchain/bin/../lib/gcc/arm-none-eabi/4.8.4/../../../../arm-none-eabi/lib/armv7e-m\libg_s.a(lib_a-nano-mallocr.o)
                0x1fff05c0                __malloc_sbrk_start
 .bss.__malloc_free_list
                0x1fff05c4        0x4 c:/freescale/kds_3.0.0/toolchain/bin/../lib/gcc/arm-none-eabi/4.8.4/../../../../arm-none-eabi/lib/armv7e-m\libg_s.a(lib_a-nano-mallocr.o)
                0x1fff05c4                __malloc_free_list
 .bss.heap_end.4246
                0x1fff05c8        0x4 c:/freescale/kds_3.0.0/toolchain/bin/../lib/gcc/arm-none-eabi/4.8.4/../../../../arm-none-eabi/lib/armv7e-m\libnosys.a(sbrk.o)
 *(COMMON)
 COMMON         0x1fff05cc        0x4 c:/freescale/kds_3.0.0/toolchain/bin/../lib/gcc/arm-none-eabi/4.8.4/../../../../arm-none-eabi/lib/armv7e-m\libg_s.a(lib_a-reent.o)
                0x1fff05cc                errno
                0x1fff05d0                . = ALIGN (0x4)
                0x1fff05d0                __bss_end__ = .
                0x1fff05d0                __END_BSS = .

.heap           0x20000000      0x400
                0x20000000                . = ALIGN (0x8)
                0x20000000                __end__ = .
                0x20000000                PROVIDE (end, .)
                0x20000000                __HeapBase = .
                0x20000400                . = (. + HEAP_SIZE)
 *fill*         0x20000000      0x400 
                0x20000400                __HeapLimit = .

.stack          0x20000400      0x400
                0x20000400                . = ALIGN (0x8)
                0x20000800                . = (. + STACK_SIZE)
 *fill*         0x20000400      0x400 
                0x20010000                __StackTop = (ORIGIN (m_data_2) + 0x10000)
                0x2000fc00                __StackLimit = (__StackTop - STACK_SIZE)
                0x20010000                PROVIDE (__stack, __StackTop)

.ARM.attributes
                0x00000000       0x2a
 *(.ARM.attributes)
 .ARM.attributes
                0x00000000       0x1e c:/freescale/kds_3.0.0/toolchain/bin/../lib/gcc/arm-none-eabi/4.8.4/armv7e-m/crti.o
 .ARM.attributes
                0x0000001e       0x2e c:/freescale/kds_3.0.0/toolchain/bin/../lib/gcc/arm-none-eabi/4.8.4/armv7e-m/crtbegin.o
 .ARM.attributes
                0x0000004c       0x1c c:/freescale/kds_3.0.0/toolchain/bin/../lib/gcc/arm-none-eabi/4.8.4/../../../../arm-none-eabi/lib/armv7e-m/crt0.o
 .ARM.attributes
                0x00000068       0x33 ./Sources/main.o
 .ARM.attributes
                0x0000009b       0x1b ./Project_Settings/Startup_Code/startup_MK60D10.o
 .ARM.attributes
                0x000000b6       0x33 ./Project_Settings/Startup_Code/system_MK60D10.o
 .ARM.attributes
                0x000000e9       0x2e c:/freescale/kds_3.0.0/toolchain/bin/../lib/gcc/arm-none-eabi/4.8.4/../../../../arm-none-eabi/lib/armv7e-m\libg_s.a(lib_a-exit.o)
 .ARM.attributes
                0x00000117       0x2e c:/freescale/kds_3.0.0/toolchain/bin/../lib/gcc/arm-none-eabi/4.8.4/../../../../arm-none-eabi/lib/armv7e-m\libg_s.a(lib_a-impure.o)
 .ARM.attributes
                0x00000145       0x2e c:/freescale/kds_3.0.0/toolchain/bin/../lib/gcc/arm-none-eabi/4.8.4/../../../../arm-none-eabi/lib/armv7e-m\libg_s.a(lib_a-init.o)
 .ARM.attributes
                0x00000173       0x2e c:/freescale/kds_3.0.0/toolchain/bin/../lib/gcc/arm-none-eabi/4.8.4/../../../../arm-none-eabi/lib/armv7e-m\libg_s.a(lib_a-malloc.o)
 .ARM.attributes
                0x000001a1       0x2e c:/freescale/kds_3.0.0/toolchain/bin/../lib/gcc/arm-none-eabi/4.8.4/../../../../arm-none-eabi/lib/armv7e-m\libg_s.a(lib_a-memset.o)
 .ARM.attributes
                0x000001cf       0x2e c:/freescale/kds_3.0.0/toolchain/bin/../lib/gcc/arm-none-eabi/4.8.4/../../../../arm-none-eabi/lib/armv7e-m\libg_s.a(lib_a-nano-mallocr.o)
 .ARM.attributes
                0x000001fd       0x2e c:/freescale/kds_3.0.0/toolchain/bin/../lib/gcc/arm-none-eabi/4.8.4/../../../../arm-none-eabi/lib/armv7e-m\libg_s.a(lib_a-sbrkr.o)
 .ARM.attributes
                0x0000022b       0x2e c:/freescale/kds_3.0.0/toolchain/bin/../lib/gcc/arm-none-eabi/4.8.4/../../../../arm-none-eabi/lib/armv7e-m\libg_s.a(lib_a-strcpy.o)
 .ARM.attributes
                0x00000259       0x2e c:/freescale/kds_3.0.0/toolchain/bin/../lib/gcc/arm-none-eabi/4.8.4/../../../../arm-none-eabi/lib/armv7e-m\libg_s.a(lib_a-reent.o)
 .ARM.attributes
                0x00000287       0x2e c:/freescale/kds_3.0.0/toolchain/bin/../lib/gcc/arm-none-eabi/4.8.4/../../../../arm-none-eabi/lib/armv7e-m\libnosys.a(sbrk.o)
 .ARM.attributes
                0x000002b5       0x2e c:/freescale/kds_3.0.0/toolchain/bin/../lib/gcc/arm-none-eabi/4.8.4/../../../../arm-none-eabi/lib/armv7e-m\libnosys.a(_exit.o)
 .ARM.attributes
                0x000002e3       0x2e c:/freescale/kds_3.0.0/toolchain/bin/../lib/gcc/arm-none-eabi/4.8.4/armv7e-m/crtend.o
 .ARM.attributes
                0x00000311       0x1e c:/freescale/kds_3.0.0/toolchain/bin/../lib/gcc/arm-none-eabi/4.8.4/armv7e-m/crtn.o
                0x00000001                ASSERT ((__StackLimit >= __HeapLimit), region m_data_2 overflowed with stack and heap)
OUTPUT(imp.elf elf32-littlearm)

.debug_info     0x00000000     0x1378
 .debug_info    0x00000000      0xe62 ./Sources/main.o
 .debug_info    0x00000e62       0x79 ./Project_Settings/Startup_Code/startup_MK60D10.o
 .debug_info    0x00000edb      0x49d ./Project_Settings/Startup_Code/system_MK60D10.o

.debug_abbrev   0x00000000      0x3c1
 .debug_abbrev  0x00000000      0x293 ./Sources/main.o
 .debug_abbrev  0x00000293       0x14 ./Project_Settings/Startup_Code/startup_MK60D10.o
 .debug_abbrev  0x000002a7      0x11a ./Project_Settings/Startup_Code/system_MK60D10.o

.debug_aranges  0x00000000       0xd0
 .debug_aranges
                0x00000000       0x88 ./Sources/main.o
 .debug_aranges
                0x00000088       0x20 ./Project_Settings/Startup_Code/startup_MK60D10.o
 .debug_aranges
                0x000000a8       0x28 ./Project_Settings/Startup_Code/system_MK60D10.o

.debug_ranges   0x00000000       0x90
 .debug_ranges  0x00000000       0x78 ./Sources/main.o
 .debug_ranges  0x00000078       0x18 ./Project_Settings/Startup_Code/system_MK60D10.o

.debug_macro    0x00000000    0x19e63
 .debug_macro   0x00000000      0x18a ./Sources/main.o
 .debug_macro   0x0000018a      0x84a ./Sources/main.o
 .debug_macro   0x000009d4       0x16 ./Sources/main.o
 .debug_macro   0x000009ea       0x16 ./Sources/main.o
 .debug_macro   0x00000a00       0x44 ./Sources/main.o
 .debug_macro   0x00000a44      0x209 ./Sources/main.o
 .debug_macro   0x00000c4d       0x53 ./Sources/main.o
 .debug_macro   0x00000ca0       0x3b ./Sources/main.o
 .debug_macro   0x00000cdb       0x2d ./Sources/main.o
 .debug_macro   0x00000d08       0x26 ./Sources/main.o
 .debug_macro   0x00000d2e      0xa99 ./Sources/main.o
 .debug_macro   0x000017c7       0x71 ./Sources/main.o
 .debug_macro   0x00001838    0x17cf8 ./Sources/main.o
 .debug_macro   0x00019530       0x58 ./Sources/main.o
 .debug_macro   0x00019588       0x35 ./Sources/main.o
 .debug_macro   0x000195bd       0xa3 ./Sources/main.o
 .debug_macro   0x00019660      0x166 ./Sources/main.o
 .debug_macro   0x000197c6       0x52 ./Sources/main.o
 .debug_macro   0x00019818       0x16 ./Sources/main.o
 .debug_macro   0x0001982e       0x43 ./Sources/main.o
 .debug_macro   0x00019871      0x180 ./Sources/main.o
 .debug_macro   0x000199f1      0x2a6 ./Sources/main.o
 .debug_macro   0x00019c97       0x10 ./Sources/main.o
 .debug_macro   0x00019ca7       0x35 ./Sources/main.o
 .debug_macro   0x00019cdc       0x16 ./Sources/main.o
 .debug_macro   0x00019cf2       0x22 ./Sources/main.o
 .debug_macro   0x00019d14       0x34 ./Sources/main.o
 .debug_macro   0x00019d48       0x2e ./Sources/main.o
 .debug_macro   0x00019d76       0x88 ./Project_Settings/Startup_Code/system_MK60D10.o
 .debug_macro   0x00019dfe       0x65 ./Project_Settings/Startup_Code/system_MK60D10.o

.debug_line     0x00000000      0x82d
 .debug_line    0x00000000      0x550 ./Sources/main.o
 .debug_line    0x00000550       0x78 ./Project_Settings/Startup_Code/startup_MK60D10.o
 .debug_line    0x000005c8      0x265 ./Project_Settings/Startup_Code/system_MK60D10.o

.debug_str      0x00000000    0x93285
 .debug_str     0x00000000    0x9320e ./Sources/main.o
                              0x93463 (size before relaxing)
 .debug_str     0x0009320e       0x77 ./Project_Settings/Startup_Code/system_MK60D10.o
                              0x90509 (size before relaxing)

.comment        0x00000000       0x70
 .comment       0x00000000       0x70 ./Sources/main.o
                                 0x71 (size before relaxing)
 .comment       0x00000000       0x71 ./Project_Settings/Startup_Code/system_MK60D10.o

.debug_frame    0x00000000      0x388
 .debug_frame   0x00000000      0x1a0 ./Sources/main.o
 .debug_frame   0x000001a0       0x44 ./Project_Settings/Startup_Code/system_MK60D10.o
 .debug_frame   0x000001e4       0x28 c:/freescale/kds_3.0.0/toolchain/bin/../lib/gcc/arm-none-eabi/4.8.4/../../../../arm-none-eabi/lib/armv7e-m\libg_s.a(lib_a-exit.o)
 .debug_frame   0x0000020c       0x2c c:/freescale/kds_3.0.0/toolchain/bin/../lib/gcc/arm-none-eabi/4.8.4/../../../../arm-none-eabi/lib/armv7e-m\libg_s.a(lib_a-init.o)
 .debug_frame   0x00000238       0x30 c:/freescale/kds_3.0.0/toolchain/bin/../lib/gcc/arm-none-eabi/4.8.4/../../../../arm-none-eabi/lib/armv7e-m\libg_s.a(lib_a-malloc.o)
 .debug_frame   0x00000268       0x20 c:/freescale/kds_3.0.0/toolchain/bin/../lib/gcc/arm-none-eabi/4.8.4/../../../../arm-none-eabi/lib/armv7e-m\libg_s.a(lib_a-memset.o)
 .debug_frame   0x00000288       0x2c c:/freescale/kds_3.0.0/toolchain/bin/../lib/gcc/arm-none-eabi/4.8.4/../../../../arm-none-eabi/lib/armv7e-m\libg_s.a(lib_a-nano-mallocr.o)
 .debug_frame   0x000002b4       0x2c c:/freescale/kds_3.0.0/toolchain/bin/../lib/gcc/arm-none-eabi/4.8.4/../../../../arm-none-eabi/lib/armv7e-m\libg_s.a(lib_a-sbrkr.o)
 .debug_frame   0x000002e0       0x20 c:/freescale/kds_3.0.0/toolchain/bin/../lib/gcc/arm-none-eabi/4.8.4/../../../../arm-none-eabi/lib/armv7e-m\libg_s.a(lib_a-strcpy.o)
 .debug_frame   0x00000300       0x48 c:/freescale/kds_3.0.0/toolchain/bin/../lib/gcc/arm-none-eabi/4.8.4/../../../../arm-none-eabi/lib/armv7e-m\libg_s.a(lib_a-reent.o)
 .debug_frame   0x00000348       0x20 c:/freescale/kds_3.0.0/toolchain/bin/../lib/gcc/arm-none-eabi/4.8.4/../../../../arm-none-eabi/lib/armv7e-m\libnosys.a(sbrk.o)
 .debug_frame   0x00000368       0x20 c:/freescale/kds_3.0.0/toolchain/bin/../lib/gcc/arm-none-eabi/4.8.4/../../../../arm-none-eabi/lib/armv7e-m\libnosys.a(_exit.o)
